// Jest Snapshot v1, https://goo.gl/fbAQLP

exports[`SignIn should match snapshot 1`] = `
<form
  onSubmit={[Function]}
>
  <label>
    Email:
    <input
      name="email"
      onChange={[Function]}
      type="email"
      value=""
    />
  </label>
  <label>
    Password:
    <input
      name="password"
      onChange={[Function]}
      type="Password"
      value=""
    />
  </label>
  <input
    type="submit"
    value="Submit"
  />
</form>
`;
