// Jest Snapshot v1, https://goo.gl/fbAQLP

exports[`Tasks should match snapshot 1`] = `
<h1>
  Tasks
</h1>
`;
